[0|0] Suspicious attribute value [rod1] [rod1] [casting level, 0]
[3|0] Suspicious attribute value [rod1] [rod1] [casting level, 116]
[5|0] Suspicious attribute value [rod1] [rod1] [casting level, 0]
[0|1] Suspicious attribute value [mob1] [mob1] [level, 0]
[3|1] Suspicious attribute value [mob1] [mob1] [level, 201]
[5|1] Suspicious attribute value [mob1] [mob1] [level, 0]
[5|1] Inventory environment [mob1] [mob1] [Monster & NPC, 0]
