[0|0] Shop square allows magic and/or prayers
[2|0] Shop square allows magic and/or prayers
[4|0] Shop square allows magic and/or prayers
[8|0] Adjacent shop square allows magic and/or prayers
[0|2] Shop square allows magic and/or prayers
[2|2] Shop square allows magic and/or prayers
[4|2] Shop square allows magic and/or prayers
[8|2] Adjacent shop square allows magic and/or prayers
